<html>
<body>
<pre>
<h1>µVision Build Log</h1>
<h2>Tool Versions:</h2>
IDE-Version: µVision V5.20.0.0
Copyright (C) 2016 ARM Ltd and ARM Germany GmbH. All rights reserved.
License Information: mo norain, mo, LIC=----
 
Tool Versions:
Toolchain:       MDK-Lite  Version: 5.20
Toolchain Path:  C:\Keil_v5\ARM\ARMCC\Bin
C Compiler:      Armcc.exe V5.06 update 2 (build 183)
Assembler:       Armasm.exe V5.06 update 2 (build 183)
Linker/Locator:  ArmLink.exe V5.06 update 2 (build 183)
Library Manager: ArmAr.exe V5.06 update 2 (build 183)
Hex Converter:   FromElf.exe V5.06 update 2 (build 183)
CPU DLL:         SARMCM3.DLL V5.20
Dialog DLL:      DARMCM1.DLL V1.14.0.0
Target DLL:      STLink\ST-LINKIII-KEIL_SWO.dll V2.0.18.0
Dialog DLL:      TARMCM1.DLL V1.10.0.0
 
<h2>Project:</h2>
C:\Learn\STM32\blE\MDK-ARM\blE.uvprojx
Project File Date:  01/16/2018

<h2>Output:</h2>
*** Using Compiler 'V5.06 update 2 (build 183)', folder: 'C:\Keil_v5\ARM\ARMCC\Bin'
Rebuild target 'blE'
compiling system_stm32f0xx.c...
compiling gpio.c...
compiling main.c...
../Src/main.c(413): warning:  #188-D: enumerated type mixed with another type
  							HAL_GPIO_WritePin(
D4_GPIO_Port,
D4_Pin,0);
../Src/main.c(415): warning:  #188-D: enumerated type mixed with another type
  							HAL_GPIO_WritePin(
D4_GPIO_Port, 
D4_Pin,1);
../Src/main.c: 2 warnings, 0 errors
compiling stm32f0xx_hal_msp.c...
compiling stm32f0xx_it.c...
compiling usart.c...
../Src/usart.c(268): warning:  #167-D: argument of type "volatile uint8_t *" is incompatible with parameter of type "uint8_t *"
  		HAL_UART_Receive_IT(&huart1, &rxData,1);
../Src/usart.c(275): warning:  #167-D: argument of type "volatile uint8_t *" is incompatible with parameter of type "uint8_t *"
  		HAL_UART_Receive_IT(&huart1, &rxData,1);
../Src/usart.c: 2 warnings, 0 errors
compiling stm32f0xx_hal_tim_ex.c...
compiling AP.c...
compiling stm32f0xx_hal_tim.c...
compiling stm32f0xx_hal_pwr.c...
compiling stm32f0xx_hal_i2c_ex.c...
compiling stm32f0xx_hal_dma.c...
compiling stm32f0xx_hal_rcc_ex.c...
compiling stm32f0xx_hal_flash.c...
compiling stm32f0xx_hal_i2c.c...
compiling stm32f0xx_hal_pwr_ex.c...
compiling stm32f0xx_hal_rcc.c...
compiling stm32f0xx_hal.c...
compiling stm32f0xx_hal_flash_ex.c...
compiling stm32f0xx_hal_gpio.c...
compiling stm32f0xx_hal_cortex.c...
compiling stm32f0xx_hal_uart_ex.c...
assembling startup_stm32f030x8.s...
compiling stm32f0xx_hal_uart.c...
linking...
Program Size: Code=8048 RO-data=488 RW-data=280 ZI-data=1872  
"blE\blE.axf" - 0 Error(s), 4 Warning(s).

<h2>Software Packages used:</h2>

Package Vendor: ARM
                http://www.keil.com/pack/ARM.CMSIS.4.5.0.pack
                ARM::CMSIS:CORE:4.3.0
                CMSIS (Cortex Microcontroller Software Interface Standard)
   * Component: CORE Version: 4.3.0

<h2>Collection of Component include folders:</h2>
  C:\Learn\STM32\blE\MDK-ARM\RTE
  C:\Keil_v5\ARM\PACK\ARM\CMSIS\4.5.0\CMSIS\Include
  C:\Keil_v5\ARM\PACK\Keil\STM32F0xx_DFP\1.5.0\Device\Include

<h2>Collection of Component Files used:</h2>

   * Component: ARM::CMSIS:CORE:4.3.0
Build Time Elapsed:  00:00:10
</pre>
</body>
</html>
